
  .   ____          _            __ _ _
 /\\ / ___'_ __ _ _(_)_ __  __ _ \ \ \ \
( ( )\___ | '_ | '_| | '_ \/ _` | \ \ \ \
 \\/  ___)| |_)| | | | | || (_| |  ) ) ) )
  '  |____| .__|_| |_|_| |_\__, | / / / /
 =========|_|==============|___/=/_/_/_/
 :: Spring Boot ::                (v3.2.5)

2026-05-02 13:50:42.451 [main] INFO  c.c.p.o.OrderServiceApplication - Starting OrderServiceApplication using Java 21.0.7 with PID 6876 (D:\yosker\PharmacyOnline\janviProject\pharmacy-microservices\order-service\target\order-service-1.0.0.jar started by V in D:\yosker\PharmacyOnline\janviProject\pharmacy-microservices)
2026-05-02 13:50:42.480 [main] INFO  c.c.p.o.OrderServiceApplication - No active profile set, falling back to 1 default profile: "default"
2026-05-02 13:50:42.878 [main] WARN  o.s.c.c.c.ConfigServerConfigDataLoader - Could not locate PropertySource ([ConfigServerConfigDataResource@6548bb7d uris = array<String>['http://localhost:8085'], optional = true, profiles = 'default']): I/O error on GET request for "http://localhost:8085/order-service/default": Connection refused: getsockopt
2026-05-02 13:50:42.885 [main] WARN  o.s.c.c.c.ConfigServerConfigDataLoader - Could not locate PropertySource ([ConfigServerConfigDataResource@3add81c4 uris = array<String>['http://localhost:8085'], optional = true, profiles = 'default']): I/O error on GET request for "http://localhost:8085/order-service/default": Connection refused: getsockopt
2026-05-02 13:50:42.887 [main] WARN  o.s.c.c.c.ConfigServerConfigDataLoader - Could not locate PropertySource ([ConfigServerConfigDataResource@1a1d3c1a uris = array<String>['http://localhost:8085'], optional = true, profiles = 'default']): I/O error on GET request for "http://localhost:8085/order-service/default": Connection refused: getsockopt
2026-05-02 13:50:55.951 [main] WARN  o.s.c.s.PostProcessorRegistrationDelegate$BeanPostProcessorChecker - Bean 'org.springframework.cloud.client.loadbalancer.LoadBalancerAutoConfiguration$DeferringLoadBalancerInterceptorConfig' of type [org.springframework.cloud.client.loadbalancer.LoadBalancerAutoConfiguration$DeferringLoadBalancerInterceptorConfig] is not eligible for getting processed by all BeanPostProcessors (for example: not eligible for auto-proxying). The currently created BeanPostProcessor [lbRestClientPostProcessor] is declared through a non-static factory method on that class; consider declaring it as static instead.
2026-05-02 13:50:55.981 [main] WARN  o.s.c.s.PostProcessorRegistrationDelegate$BeanPostProcessorChecker - Bean 'deferringLoadBalancerInterceptor' of type [org.springframework.cloud.client.loadbalancer.DeferringLoadBalancerInterceptor] is not eligible for getting processed by all BeanPostProcessors (for example: not eligible for auto-proxying). Is this bean getting eagerly injected into a currently created BeanPostProcessor [lbRestClientPostProcessor]? Check the corresponding BeanPostProcessor declaration and its dependencies.
2026-05-02 13:50:58.585 [main] INFO  o.a.coyote.http11.Http11NioProtocol - Initializing ProtocolHandler ["http-nio-9093"]
2026-05-02 13:50:58.591 [main] INFO  o.a.catalina.core.StandardService - Starting service [Tomcat]
2026-05-02 13:50:58.594 [main] INFO  o.a.catalina.core.StandardEngine - Starting Servlet engine: [Apache Tomcat/10.1.20]
2026-05-02 13:50:58.775 [main] INFO  o.a.c.c.C.[Tomcat].[localhost].[/] - Initializing Spring embedded WebApplicationContext
2026-05-02 13:51:03.854 [main] INFO  com.zaxxer.hikari.HikariDataSource - HikariPool-1 - Starting...
2026-05-02 13:51:04.342 [main] INFO  com.zaxxer.hikari.pool.HikariPool - HikariPool-1 - Added connection com.mysql.cj.jdbc.ConnectionImpl@560c3758
2026-05-02 13:51:04.347 [main] INFO  com.zaxxer.hikari.HikariDataSource - HikariPool-1 - Start completed.
2026-05-02 13:51:04.466 [main] WARN  org.hibernate.dialect.Dialect - HHH000511: The 5.5.27 version for [org.hibernate.dialect.MySQLDialect] is no longer supported, hence certain features may not work properly. The minimum supported version is 8.0.0. Check the community dialects project for available legacy versions.
2026-05-02 13:51:04.480 [main] WARN  org.hibernate.orm.deprecation - HHH90000025: MySQLDialect does not need to be specified explicitly using 'hibernate.dialect' (remove the property setting and it will be selected by default)
2026-05-02 13:51:12.472 [main] WARN  o.s.b.a.o.j.JpaBaseConfiguration$JpaWebConfiguration - spring.jpa.open-in-view is enabled by default. Therefore, database queries may be performed during view rendering. Explicitly configure spring.jpa.open-in-view to disable this warning
2026-05-02 13:51:15.538 [main] WARN  o.s.b.a.s.s.UserDetailsServiceAutoConfiguration - 

Using generated security password: ed167ce6-0f72-46d3-956e-f943af7f22f3

This generated password is for development use only. Your security configuration must be updated before running your application in production.

2026-05-02 13:51:18.969 [main] WARN  o.s.c.l.c.LoadBalancerCacheAutoConfiguration$LoadBalancerCaffeineWarnLogger - Spring Cloud LoadBalancer is currently working with the default cache. While this cache implementation is useful for development and tests, it's recommended to use Caffeine cache in production.You can switch to using Caffeine cache, by adding it and org.springframework.cache.caffeine.CaffeineCacheManager to the classpath.
2026-05-02 13:51:19.676 [main] INFO  o.a.coyote.http11.Http11NioProtocol - Starting ProtocolHandler ["http-nio-9093"]
2026-05-02 13:51:19.739 [main] INFO  c.c.p.o.OrderServiceApplication - Started OrderServiceApplication in 42.749 seconds (process running for 46.114)
2026-05-02 13:54:59.719 [http-nio-9093-exec-1] INFO  o.a.c.c.C.[Tomcat].[localhost].[/] - Initializing Spring DispatcherServlet 'dispatcherServlet'
2026-05-02 13:55:01.045 [http-nio-9093-exec-1] INFO  c.c.p.o.m.NotificationPublisher - [MQ] Notification published: type=ORDER_PLACED to=john@example.com
2026-05-02 14:03:19.857 [http-nio-9093-exec-5] INFO  c.c.p.o.m.NotificationPublisher - [MQ] Notification published: type=ORDER_PLACED to=namrathamendes@gmail.com
2026-05-02 14:16:17.707 [http-nio-9093-exec-9] INFO  c.c.p.o.m.NotificationPublisher - [MQ] Notification published: type=ORDER_PLACED to=namrathamendes@gmail.com
2026-05-02 14:21:12.034 [http-nio-9093-exec-3] INFO  c.c.p.o.m.NotificationPublisher - [MQ] Notification published: type=ORDER_PLACED to=namrathamendes@gmail.com
2026-05-02 14:21:33.809 [http-nio-9093-exec-6] INFO  c.c.p.o.m.NotificationPublisher - [MQ] Notification published: type=ORDER_PLACED to=namrathamendes@gmail.com
2026-05-02 14:34:13.667 [http-nio-9093-exec-9] INFO  c.c.p.o.m.NotificationPublisher - [MQ] Notification published: type=ORDER_PLACED to=namrathamendes@gmail.com
2026-05-02 14:49:48.409 [http-nio-9093-exec-10] INFO  c.c.p.o.m.NotificationPublisher - [MQ] Notification published: type=ORDER_PLACED to=namrathamendes@gmail.com
2026-05-02 14:58:16.740 [http-nio-9093-exec-9] INFO  c.c.p.o.m.NotificationPublisher - [MQ] Notification published: type=ORDER_PLACED to=namrathamendes@gmail.com
2026-05-02 15:12:05.901 [http-nio-9093-exec-5] INFO  c.c.p.o.m.NotificationPublisher - [MQ] Notification published: type=ORDER_PLACED to=namrathamendes@gmail.com
2026-05-02 15:58:18.187 [http-nio-9093-exec-10] INFO  c.c.p.o.m.NotificationPublisher - [MQ] Notification published: type=ORDER_PLACED to=namrathamendes@gmail.com
2026-05-02 15:58:41.107 [http-nio-9093-exec-5] INFO  c.c.p.o.m.NotificationPublisher - [MQ] Notification published: type=ORDER_PLACED to=namrathamendes@gmail.com
2026-05-02 16:07:42.201 [http-nio-9093-exec-2] INFO  c.c.p.o.m.NotificationPublisher - [MQ] Notification published: type=ORDER_PLACED to=namrathamendes@gmail.com
2026-05-02 16:08:18.525 [http-nio-9093-exec-10] INFO  c.c.p.o.m.NotificationPublisher - [MQ] Notification published: type=ORDER_PLACED to=namrathamendes@gmail.com
2026-05-02 16:10:26.789 [http-nio-9093-exec-5] INFO  c.c.p.o.m.NotificationPublisher - [MQ] Notification published: type=ORDER_PLACED to=namrathamendes@gmail.com
2026-05-02 16:14:03.488 [http-nio-9093-exec-3] INFO  c.c.p.o.m.NotificationPublisher - [MQ] Notification published: type=ORDER_PLACED to=namrathamendes@gmail.com
2026-05-02 16:51:12.645 [http-nio-9093-exec-5] INFO  c.c.p.o.m.NotificationPublisher - [MQ] Notification published: type=ORDER_PLACED to=namrathamendes@gmail.com
2026-05-02 16:59:57.930 [http-nio-9093-exec-2] INFO  c.c.p.o.m.NotificationPublisher - [MQ] Notification published: type=ORDER_PLACED to=yoskerAdmin@gmail.com
