
  .   ____          _            __ _ _
 /\\ / ___'_ __ _ _(_)_ __  __ _ \ \ \ \
( ( )\___ | '_ | '_| | '_ \/ _` | \ \ \ \
 \\/  ___)| |_)| | | | | || (_| |  ) ) ) )
  '  |____| .__|_| |_|_| |_\__, | / / / /
 =========|_|==============|___/=/_/_/_/
 :: Spring Boot ::                (v3.2.5)

2026-05-02T13:52:19.206+05:30  INFO 14276 --- [gateway-service] [           main] [                                                 ] c.c.p.gatewayservice.GatewayApplication  : Starting GatewayApplication using Java 21.0.7 with PID 14276 (D:\yosker\PharmacyOnline\janviProject\pharmacy-microservices\gateway-service\target\gateway-service-1.0.0.jar started by V in D:\yosker\PharmacyOnline\janviProject\pharmacy-microservices)
2026-05-02T13:52:19.219+05:30  INFO 14276 --- [gateway-service] [           main] [                                                 ] c.c.p.gatewayservice.GatewayApplication  : No active profile set, falling back to 1 default profile: "default"
2026-05-02T13:52:21.833+05:30  INFO 14276 --- [gateway-service] [           main] [                                                 ] o.s.cloud.context.scope.GenericScope     : BeanFactory id=e5059f52-0471-3e5f-83ac-5079c612807d
2026-05-02T13:52:21.931+05:30  WARN 14276 --- [gateway-service] [           main] [                                                 ] trationDelegate$BeanPostProcessorChecker : Bean 'org.springframework.cloud.client.loadbalancer.LoadBalancerAutoConfiguration$DeferringLoadBalancerInterceptorConfig' of type [org.springframework.cloud.client.loadbalancer.LoadBalancerAutoConfiguration$DeferringLoadBalancerInterceptorConfig] is not eligible for getting processed by all BeanPostProcessors (for example: not eligible for auto-proxying). The currently created BeanPostProcessor [lbRestClientPostProcessor] is declared through a non-static factory method on that class; consider declaring it as static instead.
2026-05-02T13:52:21.933+05:30  WARN 14276 --- [gateway-service] [           main] [                                                 ] trationDelegate$BeanPostProcessorChecker : Bean 'deferringLoadBalancerInterceptor' of type [org.springframework.cloud.client.loadbalancer.DeferringLoadBalancerInterceptor] is not eligible for getting processed by all BeanPostProcessors (for example: not eligible for auto-proxying). Is this bean getting eagerly injected into a currently created BeanPostProcessor [lbRestClientPostProcessor]? Check the corresponding BeanPostProcessor declaration and its dependencies.
2026-05-02T13:52:21.933+05:30  WARN 14276 --- [gateway-service] [           main] [                                                 ] trationDelegate$BeanPostProcessorChecker : Bean 'org.springframework.cloud.client.loadbalancer.reactive.LoadBalancerBeanPostProcessorAutoConfiguration' of type [org.springframework.cloud.client.loadbalancer.reactive.LoadBalancerBeanPostProcessorAutoConfiguration] is not eligible for getting processed by all BeanPostProcessors (for example: not eligible for auto-proxying). The currently created BeanPostProcessor [loadBalancerWebClientBuilderBeanPostProcessor] is declared through a non-static factory method on that class; consider declaring it as static instead.
2026-05-02T13:52:21.942+05:30  WARN 14276 --- [gateway-service] [           main] [                                                 ] trationDelegate$BeanPostProcessorChecker : Bean 'org.springframework.cloud.client.loadbalancer.reactive.LoadBalancerBeanPostProcessorAutoConfiguration$ReactorDeferringLoadBalancerFilterConfig' of type [org.springframework.cloud.client.loadbalancer.reactive.LoadBalancerBeanPostProcessorAutoConfiguration$ReactorDeferringLoadBalancerFilterConfig] is not eligible for getting processed by all BeanPostProcessors (for example: not eligible for auto-proxying). Is this bean getting eagerly injected into a currently created BeanPostProcessor [loadBalancerWebClientBuilderBeanPostProcessor]? Check the corresponding BeanPostProcessor declaration and its dependencies.
2026-05-02T13:52:21.944+05:30  WARN 14276 --- [gateway-service] [           main] [                                                 ] trationDelegate$BeanPostProcessorChecker : Bean 'reactorDeferringLoadBalancerExchangeFilterFunction' of type [org.springframework.cloud.client.loadbalancer.reactive.DeferringLoadBalancerExchangeFilterFunction] is not eligible for getting processed by all BeanPostProcessors (for example: not eligible for auto-proxying). Is this bean getting eagerly injected into a currently created BeanPostProcessor [loadBalancerWebClientBuilderBeanPostProcessor]? Check the corresponding BeanPostProcessor declaration and its dependencies.
2026-05-02T13:52:23.781+05:30  INFO 14276 --- [gateway-service] [           main] [                                                 ] o.s.c.g.r.RouteDefinitionRouteLocator    : Loaded RoutePredicateFactory [After]
2026-05-02T13:52:23.782+05:30  INFO 14276 --- [gateway-service] [           main] [                                                 ] o.s.c.g.r.RouteDefinitionRouteLocator    : Loaded RoutePredicateFactory [Before]
2026-05-02T13:52:23.783+05:30  INFO 14276 --- [gateway-service] [           main] [                                                 ] o.s.c.g.r.RouteDefinitionRouteLocator    : Loaded RoutePredicateFactory [Between]
2026-05-02T13:52:23.783+05:30  INFO 14276 --- [gateway-service] [           main] [                                                 ] o.s.c.g.r.RouteDefinitionRouteLocator    : Loaded RoutePredicateFactory [Cookie]
2026-05-02T13:52:23.784+05:30  INFO 14276 --- [gateway-service] [           main] [                                                 ] o.s.c.g.r.RouteDefinitionRouteLocator    : Loaded RoutePredicateFactory [Header]
2026-05-02T13:52:23.784+05:30  INFO 14276 --- [gateway-service] [           main] [                                                 ] o.s.c.g.r.RouteDefinitionRouteLocator    : Loaded RoutePredicateFactory [Host]
2026-05-02T13:52:23.784+05:30  INFO 14276 --- [gateway-service] [           main] [                                                 ] o.s.c.g.r.RouteDefinitionRouteLocator    : Loaded RoutePredicateFactory [Method]
2026-05-02T13:52:23.785+05:30  INFO 14276 --- [gateway-service] [           main] [                                                 ] o.s.c.g.r.RouteDefinitionRouteLocator    : Loaded RoutePredicateFactory [Path]
2026-05-02T13:52:23.786+05:30  INFO 14276 --- [gateway-service] [           main] [                                                 ] o.s.c.g.r.RouteDefinitionRouteLocator    : Loaded RoutePredicateFactory [Query]
2026-05-02T13:52:23.787+05:30  INFO 14276 --- [gateway-service] [           main] [                                                 ] o.s.c.g.r.RouteDefinitionRouteLocator    : Loaded RoutePredicateFactory [ReadBody]
2026-05-02T13:52:23.787+05:30  INFO 14276 --- [gateway-service] [           main] [                                                 ] o.s.c.g.r.RouteDefinitionRouteLocator    : Loaded RoutePredicateFactory [RemoteAddr]
2026-05-02T13:52:23.788+05:30  INFO 14276 --- [gateway-service] [           main] [                                                 ] o.s.c.g.r.RouteDefinitionRouteLocator    : Loaded RoutePredicateFactory [XForwardedRemoteAddr]
2026-05-02T13:52:23.788+05:30  INFO 14276 --- [gateway-service] [           main] [                                                 ] o.s.c.g.r.RouteDefinitionRouteLocator    : Loaded RoutePredicateFactory [Weight]
2026-05-02T13:52:23.789+05:30  INFO 14276 --- [gateway-service] [           main] [                                                 ] o.s.c.g.r.RouteDefinitionRouteLocator    : Loaded RoutePredicateFactory [CloudFoundryRouteService]
2026-05-02T13:52:24.390+05:30  INFO 14276 --- [gateway-service] [           main] [                                                 ] o.s.b.a.e.web.EndpointLinksResolver      : Exposing 1 endpoint(s) beneath base path '/actuator'
2026-05-02T13:52:25.059+05:30  INFO 14276 --- [gateway-service] [           main] [                                                 ] DiscoveryClientOptionalArgsConfiguration : Eureka HTTP Client uses RestTemplate.
2026-05-02T13:52:25.104+05:30  WARN 14276 --- [gateway-service] [           main] [                                                 ] iguration$LoadBalancerCaffeineWarnLogger : Spring Cloud LoadBalancer is currently working with the default cache. While this cache implementation is useful for development and tests, it's recommended to use Caffeine cache in production.You can switch to using Caffeine cache, by adding it and org.springframework.cache.caffeine.CaffeineCacheManager to the classpath.
2026-05-02T13:52:25.196+05:30  INFO 14276 --- [gateway-service] [           main] [                                                 ] o.s.c.n.eureka.InstanceInfoFactory       : Setting initial instance status as: STARTING
2026-05-02T13:52:25.406+05:30  INFO 14276 --- [gateway-service] [           main] [                                                 ] com.netflix.discovery.DiscoveryClient    : Initializing Eureka in region us-east-1
2026-05-02T13:52:25.421+05:30  INFO 14276 --- [gateway-service] [           main] [                                                 ] c.n.d.s.r.aws.ConfigClusterResolver      : Resolving eureka endpoints via configuration
2026-05-02T13:52:25.465+05:30  INFO 14276 --- [gateway-service] [           main] [                                                 ] com.netflix.discovery.DiscoveryClient    : Disable delta property : false
2026-05-02T13:52:25.465+05:30  INFO 14276 --- [gateway-service] [           main] [                                                 ] com.netflix.discovery.DiscoveryClient    : Single vip registry refresh property : null
2026-05-02T13:52:25.465+05:30  INFO 14276 --- [gateway-service] [           main] [                                                 ] com.netflix.discovery.DiscoveryClient    : Force full registry fetch : false
2026-05-02T13:52:25.465+05:30  INFO 14276 --- [gateway-service] [           main] [                                                 ] com.netflix.discovery.DiscoveryClient    : Application is null : false
2026-05-02T13:52:25.465+05:30  INFO 14276 --- [gateway-service] [           main] [                                                 ] com.netflix.discovery.DiscoveryClient    : Registered Applications size is zero : true
2026-05-02T13:52:25.465+05:30  INFO 14276 --- [gateway-service] [           main] [                                                 ] com.netflix.discovery.DiscoveryClient    : Application version is -1: true
2026-05-02T13:52:25.465+05:30  INFO 14276 --- [gateway-service] [           main] [                                                 ] com.netflix.discovery.DiscoveryClient    : Getting all instance registry info from the eureka server
2026-05-02T13:52:26.233+05:30  INFO 14276 --- [gateway-service] [           main] [                                                 ] com.netflix.discovery.DiscoveryClient    : The response status is 200
2026-05-02T13:52:26.236+05:30  INFO 14276 --- [gateway-service] [           main] [                                                 ] com.netflix.discovery.DiscoveryClient    : Starting heartbeat executor: renew interval is: 30
2026-05-02T13:52:26.236+05:30  INFO 14276 --- [gateway-service] [           main] [                                                 ] c.n.discovery.InstanceInfoReplicator     : InstanceInfoReplicator onDemand update allowed rate per min is 4
2026-05-02T13:52:26.249+05:30  INFO 14276 --- [gateway-service] [           main] [                                                 ] com.netflix.discovery.DiscoveryClient    : Discovery Client initialized at timestamp 1777710146245 with initial instances count: 6
2026-05-02T13:52:26.252+05:30  INFO 14276 --- [gateway-service] [           main] [                                                 ] o.s.c.n.e.s.EurekaServiceRegistry        : Registering application GATEWAY-SERVICE with eureka with status UP
2026-05-02T13:52:26.253+05:30  INFO 14276 --- [gateway-service] [           main] [                                                 ] com.netflix.discovery.DiscoveryClient    : Saw local status change event StatusChangeEvent [timestamp=1777710146253, current=UP, previous=STARTING]
2026-05-02T13:52:26.255+05:30  INFO 14276 --- [gateway-service] [nfoReplicator-0] [                                                 ] com.netflix.discovery.DiscoveryClient    : DiscoveryClient_GATEWAY-SERVICE/172.21.233.14:gateway-service:8888: registering service...
2026-05-02T13:52:26.341+05:30  INFO 14276 --- [gateway-service] [nfoReplicator-0] [                                                 ] com.netflix.discovery.DiscoveryClient    : DiscoveryClient_GATEWAY-SERVICE/172.21.233.14:gateway-service:8888 - registration status: 204
2026-05-02T13:52:26.521+05:30  INFO 14276 --- [gateway-service] [           main] [                                                 ] o.s.b.web.embedded.netty.NettyWebServer  : Netty started on port 8888
2026-05-02T13:52:26.522+05:30  INFO 14276 --- [gateway-service] [           main] [                                                 ] .s.c.n.e.s.EurekaAutoServiceRegistration : Updating port to 8888
2026-05-02T13:52:26.579+05:30  INFO 14276 --- [gateway-service] [           main] [                                                 ] c.c.p.gatewayservice.GatewayApplication  : Started GatewayApplication in 8.427 seconds (process running for 9.427)
2026-05-02T13:54:58.952+05:30  WARN 14276 --- [gateway-service] [Sender@8b0fb93}] [                                                 ] z.r.AsyncReporter$BoundedAsyncReporter   : Spans were dropped due to exceptions. All subsequent errors will be logged at FINE level.
2026-05-02T13:54:58.954+05:30  WARN 14276 --- [gateway-service] [Sender@8b0fb93}] [                                                 ] z.r.AsyncReporter$BoundedAsyncReporter   : Dropped 2 spans due to WebClientRequestException(Connection refused: getsockopt: localhost/127.0.0.1:9411)

org.springframework.web.reactive.function.client.WebClientRequestException: Connection refused: getsockopt: localhost/127.0.0.1:9411
	at org.springframework.web.reactive.function.client.ExchangeFunctions$DefaultExchangeFunction.lambda$wrapException$9(ExchangeFunctions.java:136) ~[spring-webflux-6.1.6.jar!/:6.1.6]
	Suppressed: reactor.core.publisher.FluxOnAssembly$OnAssemblyException: 
Error has been observed at the following site(s):
	*__checkpoint ⇢ Request to POST http://localhost:9411/api/v2/spans [DefaultWebClient]
Original Stack Trace:
		at org.springframework.web.reactive.function.client.ExchangeFunctions$DefaultExchangeFunction.lambda$wrapException$9(ExchangeFunctions.java:136) ~[spring-webflux-6.1.6.jar!/:6.1.6]
		at reactor.core.publisher.MonoErrorSupplied.subscribe(MonoErrorSupplied.java:55) ~[reactor-core-3.6.5.jar!/:3.6.5]
		at reactor.core.publisher.Mono.subscribe(Mono.java:4568) ~[reactor-core-3.6.5.jar!/:3.6.5]
		at reactor.core.publisher.FluxOnErrorResume$ResumeSubscriber.onError(FluxOnErrorResume.java:103) ~[reactor-core-3.6.5.jar!/:3.6.5]
		at reactor.core.publisher.FluxPeek$PeekSubscriber.onError(FluxPeek.java:222) ~[reactor-core-3.6.5.jar!/:3.6.5]
		at reactor.core.publisher.FluxPeek$PeekSubscriber.onError(FluxPeek.java:222) ~[reactor-core-3.6.5.jar!/:3.6.5]
		at reactor.core.publisher.FluxPeek$PeekSubscriber.onError(FluxPeek.java:222) ~[reactor-core-3.6.5.jar!/:3.6.5]
		at reactor.core.publisher.MonoNext$NextSubscriber.onError(MonoNext.java:93) ~[reactor-core-3.6.5.jar!/:3.6.5]
		at reactor.core.publisher.MonoFlatMapMany$FlatMapManyMain.onError(MonoFlatMapMany.java:205) ~[reactor-core-3.6.5.jar!/:3.6.5]
		at reactor.core.publisher.SerializedSubscriber.onError(SerializedSubscriber.java:124) ~[reactor-core-3.6.5.jar!/:3.6.5]
		at reactor.core.publisher.FluxRetryWhen$RetryWhenMainSubscriber.whenError(FluxRetryWhen.java:229) ~[reactor-core-3.6.5.jar!/:3.6.5]
		at reactor.core.publisher.FluxRetryWhen$RetryWhenOtherSubscriber.onError(FluxRetryWhen.java:279) ~[reactor-core-3.6.5.jar!/:3.6.5]
		at reactor.core.publisher.FluxContextWrite$ContextWriteSubscriber.onError(FluxContextWrite.java:121) ~[reactor-core-3.6.5.jar!/:3.6.5]
		at reactor.core.publisher.FluxConcatMapNoPrefetch$FluxConcatMapNoPrefetchSubscriber.maybeOnError(FluxConcatMapNoPrefetch.java:327) ~[reactor-core-3.6.5.jar!/:3.6.5]
		at reactor.core.publisher.FluxConcatMapNoPrefetch$FluxConcatMapNoPrefetchSubscriber.onNext(FluxConcatMapNoPrefetch.java:212) ~[reactor-core-3.6.5.jar!/:3.6.5]
		at reactor.core.publisher.FluxContextWrite$ContextWriteSubscriber.onNext(FluxContextWrite.java:107) ~[reactor-core-3.6.5.jar!/:3.6.5]
		at reactor.core.publisher.SinkManyEmitterProcessor.drain(SinkManyEmitterProcessor.java:476) ~[reactor-core-3.6.5.jar!/:3.6.5]
		at reactor.core.publisher.SinkManyEmitterProcessor$EmitterInner.drainParent(SinkManyEmitterProcessor.java:620) ~[reactor-core-3.6.5.jar!/:3.6.5]
		at reactor.core.publisher.FluxPublish$PubSubInner.request(FluxPublish.java:874) ~[reactor-core-3.6.5.jar!/:3.6.5]
		at reactor.core.publisher.FluxContextWrite$ContextWriteSubscriber.request(FluxContextWrite.java:136) ~[reactor-core-3.6.5.jar!/:3.6.5]
		at reactor.core.publisher.FluxConcatMapNoPrefetch$FluxConcatMapNoPrefetchSubscriber.request(FluxConcatMapNoPrefetch.java:337) ~[reactor-core-3.6.5.jar!/:3.6.5]
		at reactor.core.publisher.FluxContextWrite$ContextWriteSubscriber.request(FluxContextWrite.java:136) ~[reactor-core-3.6.5.jar!/:3.6.5]
		at reactor.core.publisher.Operators$DeferredSubscription.request(Operators.java:1743) ~[reactor-core-3.6.5.jar!/:3.6.5]
		at reactor.core.publisher.FluxRetryWhen$RetryWhenMainSubscriber.onError(FluxRetryWhen.java:196) ~[reactor-core-3.6.5.jar!/:3.6.5]
		at reactor.core.publisher.MonoCreate$DefaultMonoSink.error(MonoCreate.java:205) ~[reactor-core-3.6.5.jar!/:3.6.5]
		at reactor.netty.http.client.HttpClientConnect$MonoHttpConnect$ClientTransportSubscriber.onError(HttpClientConnect.java:311) ~[reactor-netty-http-1.1.18.jar!/:1.1.18]
		at reactor.core.publisher.MonoCreate$DefaultMonoSink.error(MonoCreate.java:205) ~[reactor-core-3.6.5.jar!/:3.6.5]
		at reactor.netty.resources.DefaultPooledConnectionProvider$DisposableAcquire.onError(DefaultPooledConnectionProvider.java:172) ~[reactor-netty-core-1.1.18.jar!/:1.1.18]
		at reactor.netty.internal.shaded.reactor.pool.AbstractPool$Borrower.fail(AbstractPool.java:488) ~[reactor-netty-core-1.1.18.jar!/:1.1.18]
		at reactor.netty.internal.shaded.reactor.pool.SimpleDequePool.lambda$drainLoop$9(SimpleDequePool.java:436) ~[reactor-netty-core-1.1.18.jar!/:1.1.18]
		at reactor.core.publisher.FluxDoOnEach$DoOnEachSubscriber.onError(FluxDoOnEach.java:186) ~[reactor-core-3.6.5.jar!/:3.6.5]
		at reactor.core.publisher.MonoCreate$DefaultMonoSink.error(MonoCreate.java:205) ~[reactor-core-3.6.5.jar!/:3.6.5]
		at reactor.netty.resources.DefaultPooledConnectionProvider$PooledConnectionAllocator$PooledConnectionInitializer.onError(DefaultPooledConnectionProvider.java:583) ~[reactor-netty-core-1.1.18.jar!/:1.1.18]
		at reactor.core.publisher.MonoFlatMap$FlatMapMain.secondError(MonoFlatMap.java:241) ~[reactor-core-3.6.5.jar!/:3.6.5]
		at reactor.core.publisher.MonoFlatMap$FlatMapInner.onError(MonoFlatMap.java:315) ~[reactor-core-3.6.5.jar!/:3.6.5]
		at reactor.core.publisher.FluxOnErrorResume$ResumeSubscriber.onError(FluxOnErrorResume.java:106) ~[reactor-core-3.6.5.jar!/:3.6.5]
		at reactor.core.publisher.Operators.error(Operators.java:198) ~[reactor-core-3.6.5.jar!/:3.6.5]
		at reactor.core.publisher.MonoError.subscribe(MonoError.java:53) ~[reactor-core-3.6.5.jar!/:3.6.5]
		at reactor.core.publisher.Mono.subscribe(Mono.java:4568) ~[reactor-core-3.6.5.jar!/:3.6.5]
		at reactor.core.publisher.FluxOnErrorResume$ResumeSubscriber.onError(FluxOnErrorResume.java:103) ~[reactor-core-3.6.5.jar!/:3.6.5]
		at reactor.netty.transport.TransportConnector$MonoChannelPromise.tryFailure(TransportConnector.java:576) ~[reactor-netty-core-1.1.18.jar!/:1.1.18]
		at reactor.netty.transport.TransportConnector$MonoChannelPromise.setFailure(TransportConnector.java:522) ~[reactor-netty-core-1.1.18.jar!/:1.1.18]
		at reactor.netty.transport.TransportConnector.lambda$doConnect$7(TransportConnector.java:261) ~[reactor-netty-core-1.1.18.jar!/:1.1.18]
		at io.netty.util.concurrent.DefaultPromise.notifyListener0(DefaultPromise.java:590) ~[netty-common-4.1.109.Final.jar!/:4.1.109.Final]
		at io.netty.util.concurrent.DefaultPromise.notifyListeners0(DefaultPromise.java:583) ~[netty-common-4.1.109.Final.jar!/:4.1.109.Final]
		at io.netty.util.concurrent.DefaultPromise.notifyListenersNow(DefaultPromise.java:559) ~[netty-common-4.1.109.Final.jar!/:4.1.109.Final]
		at io.netty.util.concurrent.DefaultPromise.notifyListeners(DefaultPromise.java:492) ~[netty-common-4.1.109.Final.jar!/:4.1.109.Final]
		at io.netty.util.concurrent.DefaultPromise.setValue0(DefaultPromise.java:636) ~[netty-common-4.1.109.Final.jar!/:4.1.109.Final]
		at io.netty.util.concurrent.DefaultPromise.setFailure0(DefaultPromise.java:629) ~[netty-common-4.1.109.Final.jar!/:4.1.109.Final]
		at io.netty.util.concurrent.DefaultPromise.tryFailure(DefaultPromise.java:118) ~[netty-common-4.1.109.Final.jar!/:4.1.109.Final]
		at io.netty.channel.nio.AbstractNioChannel$AbstractNioUnsafe.fulfillConnectPromise(AbstractNioChannel.java:326) ~[netty-transport-4.1.109.Final.jar!/:4.1.109.Final]
		at io.netty.channel.nio.AbstractNioChannel$AbstractNioUnsafe.finishConnect(AbstractNioChannel.java:342) ~[netty-transport-4.1.109.Final.jar!/:4.1.109.Final]
		at io.netty.channel.nio.NioEventLoop.processSelectedKey(NioEventLoop.java:776) ~[netty-transport-4.1.109.Final.jar!/:4.1.109.Final]
		at io.netty.channel.nio.NioEventLoop.processSelectedKeysOptimized(NioEventLoop.java:724) ~[netty-transport-4.1.109.Final.jar!/:4.1.109.Final]
		at io.netty.channel.nio.NioEventLoop.processSelectedKeys(NioEventLoop.java:650) ~[netty-transport-4.1.109.Final.jar!/:4.1.109.Final]
		at io.netty.channel.nio.NioEventLoop.run(NioEventLoop.java:562) ~[netty-transport-4.1.109.Final.jar!/:4.1.109.Final]
		at io.netty.util.concurrent.SingleThreadEventExecutor$4.run(SingleThreadEventExecutor.java:997) ~[netty-common-4.1.109.Final.jar!/:4.1.109.Final]
		at io.netty.util.internal.ThreadExecutorMap$2.run(ThreadExecutorMap.java:74) ~[netty-common-4.1.109.Final.jar!/:4.1.109.Final]
		at io.netty.util.concurrent.FastThreadLocalRunnable.run(FastThreadLocalRunnable.java:30) ~[netty-common-4.1.109.Final.jar!/:4.1.109.Final]
		at java.base/java.lang.Thread.run(Thread.java:1583) ~[na:na]
	Suppressed: java.lang.Exception: #block terminated with an error
		at reactor.core.publisher.BlockingSingleSubscriber.blockingGet(BlockingSingleSubscriber.java:104) ~[reactor-core-3.6.5.jar!/:3.6.5]
		at reactor.core.publisher.Mono.block(Mono.java:1779) ~[reactor-core-3.6.5.jar!/:3.6.5]
		at org.springframework.boot.actuate.autoconfigure.tracing.zipkin.ZipkinWebClientSender$WebClientHttpPostCall.doExecute(ZipkinWebClientSender.java:76) ~[spring-boot-actuator-autoconfigure-3.2.5.jar!/:3.2.5]
		at org.springframework.boot.actuate.autoconfigure.tracing.zipkin.ZipkinWebClientSender$WebClientHttpPostCall.doExecute(ZipkinWebClientSender.java:54) ~[spring-boot-actuator-autoconfigure-3.2.5.jar!/:3.2.5]
		at zipkin2.Call$Base.execute(Call.java:391) ~[zipkin-2.23.2.jar!/:na]
		at zipkin2.reporter.AsyncReporter$BoundedAsyncReporter.flush(AsyncReporter.java:299) ~[zipkin-reporter-2.16.3.jar!/:na]
		at zipkin2.reporter.AsyncReporter$Flusher.run(AsyncReporter.java:378) ~[zipkin-reporter-2.16.3.jar!/:na]
		at java.base/java.lang.Thread.run(Thread.java:1583) ~[na:na]
Caused by: io.netty.channel.AbstractChannel$AnnotatedConnectException: Connection refused: getsockopt: localhost/127.0.0.1:9411
Caused by: java.net.ConnectException: Connection refused: getsockopt
	at java.base/sun.nio.ch.Net.pollConnect(Native Method) ~[na:na]
	at java.base/sun.nio.ch.Net.pollConnectNow(Net.java:682) ~[na:na]
	at java.base/sun.nio.ch.SocketChannelImpl.finishConnect(SocketChannelImpl.java:973) ~[na:na]
	at io.netty.channel.socket.nio.NioSocketChannel.doFinishConnect(NioSocketChannel.java:337) ~[netty-transport-4.1.109.Final.jar!/:4.1.109.Final]
	at io.netty.channel.nio.AbstractNioChannel$AbstractNioUnsafe.finishConnect(AbstractNioChannel.java:339) ~[netty-transport-4.1.109.Final.jar!/:4.1.109.Final]
	at io.netty.channel.nio.NioEventLoop.processSelectedKey(NioEventLoop.java:776) ~[netty-transport-4.1.109.Final.jar!/:4.1.109.Final]
	at io.netty.channel.nio.NioEventLoop.processSelectedKeysOptimized(NioEventLoop.java:724) ~[netty-transport-4.1.109.Final.jar!/:4.1.109.Final]
	at io.netty.channel.nio.NioEventLoop.processSelectedKeys(NioEventLoop.java:650) ~[netty-transport-4.1.109.Final.jar!/:4.1.109.Final]
	at io.netty.channel.nio.NioEventLoop.run(NioEventLoop.java:562) ~[netty-transport-4.1.109.Final.jar!/:4.1.109.Final]
	at io.netty.util.concurrent.SingleThreadEventExecutor$4.run(SingleThreadEventExecutor.java:997) ~[netty-common-4.1.109.Final.jar!/:4.1.109.Final]
	at io.netty.util.internal.ThreadExecutorMap$2.run(ThreadExecutorMap.java:74) ~[netty-common-4.1.109.Final.jar!/:4.1.109.Final]
	at io.netty.util.concurrent.FastThreadLocalRunnable.run(FastThreadLocalRunnable.java:30) ~[netty-common-4.1.109.Final.jar!/:4.1.109.Final]
	at java.base/java.lang.Thread.run(Thread.java:1583) ~[na:na]

2026-05-02T13:57:25.478+05:30  INFO 14276 --- [gateway-service] [trap-executor-0] [                                                 ] c.n.d.s.r.aws.ConfigClusterResolver      : Resolving eureka endpoints via configuration
2026-05-02T14:02:25.484+05:30  INFO 14276 --- [gateway-service] [trap-executor-0] [                                                 ] c.n.d.s.r.aws.ConfigClusterResolver      : Resolving eureka endpoints via configuration
2026-05-02T14:07:25.503+05:30  INFO 14276 --- [gateway-service] [trap-executor-0] [                                                 ] c.n.d.s.r.aws.ConfigClusterResolver      : Resolving eureka endpoints via configuration
2026-05-02T14:12:25.512+05:30  INFO 14276 --- [gateway-service] [trap-executor-0] [                                                 ] c.n.d.s.r.aws.ConfigClusterResolver      : Resolving eureka endpoints via configuration
2026-05-02T14:17:25.516+05:30  INFO 14276 --- [gateway-service] [trap-executor-0] [                                                 ] c.n.d.s.r.aws.ConfigClusterResolver      : Resolving eureka endpoints via configuration
2026-05-02T14:22:25.521+05:30  INFO 14276 --- [gateway-service] [trap-executor-0] [                                                 ] c.n.d.s.r.aws.ConfigClusterResolver      : Resolving eureka endpoints via configuration
2026-05-02T14:27:25.539+05:30  INFO 14276 --- [gateway-service] [trap-executor-0] [                                                 ] c.n.d.s.r.aws.ConfigClusterResolver      : Resolving eureka endpoints via configuration
2026-05-02T14:32:25.562+05:30  INFO 14276 --- [gateway-service] [trap-executor-0] [                                                 ] c.n.d.s.r.aws.ConfigClusterResolver      : Resolving eureka endpoints via configuration
2026-05-02T14:37:25.590+05:30  INFO 14276 --- [gateway-service] [trap-executor-0] [                                                 ] c.n.d.s.r.aws.ConfigClusterResolver      : Resolving eureka endpoints via configuration
2026-05-02T14:42:25.608+05:30  INFO 14276 --- [gateway-service] [trap-executor-0] [                                                 ] c.n.d.s.r.aws.ConfigClusterResolver      : Resolving eureka endpoints via configuration
2026-05-02T14:47:25.624+05:30  INFO 14276 --- [gateway-service] [trap-executor-0] [                                                 ] c.n.d.s.r.aws.ConfigClusterResolver      : Resolving eureka endpoints via configuration
2026-05-02T14:52:25.740+05:30  INFO 14276 --- [gateway-service] [trap-executor-0] [                                                 ] c.n.d.s.r.aws.ConfigClusterResolver      : Resolving eureka endpoints via configuration
2026-05-02T14:57:25.812+05:30  INFO 14276 --- [gateway-service] [trap-executor-0] [                                                 ] c.n.d.s.r.aws.ConfigClusterResolver      : Resolving eureka endpoints via configuration
2026-05-02T15:02:25.818+05:30  INFO 14276 --- [gateway-service] [trap-executor-0] [                                                 ] c.n.d.s.r.aws.ConfigClusterResolver      : Resolving eureka endpoints via configuration
2026-05-02T15:07:25.837+05:30  INFO 14276 --- [gateway-service] [trap-executor-0] [                                                 ] c.n.d.s.r.aws.ConfigClusterResolver      : Resolving eureka endpoints via configuration
2026-05-02T15:12:25.854+05:30  INFO 14276 --- [gateway-service] [trap-executor-0] [                                                 ] c.n.d.s.r.aws.ConfigClusterResolver      : Resolving eureka endpoints via configuration
2026-05-02T15:17:25.877+05:30  INFO 14276 --- [gateway-service] [trap-executor-0] [                                                 ] c.n.d.s.r.aws.ConfigClusterResolver      : Resolving eureka endpoints via configuration
2026-05-02T15:22:25.884+05:30  INFO 14276 --- [gateway-service] [trap-executor-0] [                                                 ] c.n.d.s.r.aws.ConfigClusterResolver      : Resolving eureka endpoints via configuration
2026-05-02T15:27:25.898+05:30  INFO 14276 --- [gateway-service] [trap-executor-0] [                                                 ] c.n.d.s.r.aws.ConfigClusterResolver      : Resolving eureka endpoints via configuration
2026-05-02T15:32:25.902+05:30  INFO 14276 --- [gateway-service] [trap-executor-0] [                                                 ] c.n.d.s.r.aws.ConfigClusterResolver      : Resolving eureka endpoints via configuration
2026-05-02T15:37:25.913+05:30  INFO 14276 --- [gateway-service] [trap-executor-0] [                                                 ] c.n.d.s.r.aws.ConfigClusterResolver      : Resolving eureka endpoints via configuration
2026-05-02T15:42:25.920+05:30  INFO 14276 --- [gateway-service] [trap-executor-0] [                                                 ] c.n.d.s.r.aws.ConfigClusterResolver      : Resolving eureka endpoints via configuration
2026-05-02T15:47:25.934+05:30  INFO 14276 --- [gateway-service] [trap-executor-0] [                                                 ] c.n.d.s.r.aws.ConfigClusterResolver      : Resolving eureka endpoints via configuration
2026-05-02T15:52:25.949+05:30  INFO 14276 --- [gateway-service] [trap-executor-0] [                                                 ] c.n.d.s.r.aws.ConfigClusterResolver      : Resolving eureka endpoints via configuration
2026-05-02T15:57:25.964+05:30  INFO 14276 --- [gateway-service] [trap-executor-0] [                                                 ] c.n.d.s.r.aws.ConfigClusterResolver      : Resolving eureka endpoints via configuration
2026-05-02T16:02:25.979+05:30  INFO 14276 --- [gateway-service] [trap-executor-0] [                                                 ] c.n.d.s.r.aws.ConfigClusterResolver      : Resolving eureka endpoints via configuration
2026-05-02T16:07:25.981+05:30  INFO 14276 --- [gateway-service] [trap-executor-0] [                                                 ] c.n.d.s.r.aws.ConfigClusterResolver      : Resolving eureka endpoints via configuration
2026-05-02T16:12:25.990+05:30  INFO 14276 --- [gateway-service] [trap-executor-0] [                                                 ] c.n.d.s.r.aws.ConfigClusterResolver      : Resolving eureka endpoints via configuration
2026-05-02T16:17:26.034+05:30  INFO 14276 --- [gateway-service] [trap-executor-0] [                                                 ] c.n.d.s.r.aws.ConfigClusterResolver      : Resolving eureka endpoints via configuration
2026-05-02T16:22:26.282+05:30  INFO 14276 --- [gateway-service] [trap-executor-0] [                                                 ] c.n.d.s.r.aws.ConfigClusterResolver      : Resolving eureka endpoints via configuration
2026-05-02T16:27:26.304+05:30  INFO 14276 --- [gateway-service] [trap-executor-0] [                                                 ] c.n.d.s.r.aws.ConfigClusterResolver      : Resolving eureka endpoints via configuration
2026-05-02T16:32:26.383+05:30  INFO 14276 --- [gateway-service] [trap-executor-0] [                                                 ] c.n.d.s.r.aws.ConfigClusterResolver      : Resolving eureka endpoints via configuration
2026-05-02T16:37:26.765+05:30  INFO 14276 --- [gateway-service] [trap-executor-0] [                                                 ] c.n.d.s.r.aws.ConfigClusterResolver      : Resolving eureka endpoints via configuration
2026-05-02T16:42:26.956+05:30  INFO 14276 --- [gateway-service] [trap-executor-0] [                                                 ] c.n.d.s.r.aws.ConfigClusterResolver      : Resolving eureka endpoints via configuration
2026-05-02T16:47:26.975+05:30  INFO 14276 --- [gateway-service] [trap-executor-0] [                                                 ] c.n.d.s.r.aws.ConfigClusterResolver      : Resolving eureka endpoints via configuration
2026-05-02T16:52:27.038+05:30  INFO 14276 --- [gateway-service] [trap-executor-0] [                                                 ] c.n.d.s.r.aws.ConfigClusterResolver      : Resolving eureka endpoints via configuration
2026-05-02T16:57:27.053+05:30  INFO 14276 --- [gateway-service] [trap-executor-0] [                                                 ] c.n.d.s.r.aws.ConfigClusterResolver      : Resolving eureka endpoints via configuration
2026-05-02T17:02:27.060+05:30  INFO 14276 --- [gateway-service] [trap-executor-0] [                                                 ] c.n.d.s.r.aws.ConfigClusterResolver      : Resolving eureka endpoints via configuration
