
  .   ____          _            __ _ _
 /\\ / ___'_ __ _ _(_)_ __  __ _ \ \ \ \
( ( )\___ | '_ | '_| | '_ \/ _` | \ \ \ \
 \\/  ___)| |_)| | | | | || (_| |  ) ) ) )
  '  |____| .__|_| |_|_| |_\__, | / / / /
 =========|_|==============|___/=/_/_/_/
 :: Spring Boot ::                (v3.2.5)

2026-05-02 13:50:39.930 [main] INFO  c.c.p.n.NotificationServiceApplication - Starting NotificationServiceApplication using Java 21.0.7 with PID 13064 (D:\yosker\PharmacyOnline\janviProject\pharmacy-microservices\notification-service\target\notification-service-1.0.0.jar started by V in D:\yosker\PharmacyOnline\janviProject\pharmacy-microservices)
2026-05-02 13:50:39.942 [main] INFO  c.c.p.n.NotificationServiceApplication - No active profile set, falling back to 1 default profile: "default"
2026-05-02 13:50:47.924 [main] WARN  o.s.c.s.PostProcessorRegistrationDelegate$BeanPostProcessorChecker - Bean 'org.springframework.cloud.client.loadbalancer.LoadBalancerAutoConfiguration$DeferringLoadBalancerInterceptorConfig' of type [org.springframework.cloud.client.loadbalancer.LoadBalancerAutoConfiguration$DeferringLoadBalancerInterceptorConfig] is not eligible for getting processed by all BeanPostProcessors (for example: not eligible for auto-proxying). The currently created BeanPostProcessor [lbRestClientPostProcessor] is declared through a non-static factory method on that class; consider declaring it as static instead.
2026-05-02 13:50:47.934 [main] WARN  o.s.c.s.PostProcessorRegistrationDelegate$BeanPostProcessorChecker - Bean 'deferringLoadBalancerInterceptor' of type [org.springframework.cloud.client.loadbalancer.DeferringLoadBalancerInterceptor] is not eligible for getting processed by all BeanPostProcessors (for example: not eligible for auto-proxying). Is this bean getting eagerly injected into a currently created BeanPostProcessor [lbRestClientPostProcessor]? Check the corresponding BeanPostProcessor declaration and its dependencies.
2026-05-02 13:50:49.690 [main] INFO  o.a.coyote.http11.Http11NioProtocol - Initializing ProtocolHandler ["http-nio-9096"]
2026-05-02 13:50:49.697 [main] INFO  o.a.catalina.core.StandardService - Starting service [Tomcat]
2026-05-02 13:50:49.699 [main] INFO  o.a.catalina.core.StandardEngine - Starting Servlet engine: [Apache Tomcat/10.1.20]
2026-05-02 13:50:49.797 [main] INFO  o.a.c.c.C.[Tomcat].[localhost].[/] - Initializing Spring embedded WebApplicationContext
2026-05-02 13:50:56.101 [main] WARN  o.s.b.a.s.s.UserDetailsServiceAutoConfiguration - 

Using generated security password: a29ad491-c219-4d40-81aa-a03defa48b1c

This generated password is for development use only. Your security configuration must be updated before running your application in production.

2026-05-02 13:51:02.909 [main] WARN  o.s.c.l.c.LoadBalancerCacheAutoConfiguration$LoadBalancerCaffeineWarnLogger - Spring Cloud LoadBalancer is currently working with the default cache. While this cache implementation is useful for development and tests, it's recommended to use Caffeine cache in production.You can switch to using Caffeine cache, by adding it and org.springframework.cache.caffeine.CaffeineCacheManager to the classpath.
2026-05-02 13:51:04.734 [main] INFO  o.a.coyote.http11.Http11NioProtocol - Starting ProtocolHandler ["http-nio-9096"]
2026-05-02 13:51:05.767 [main] INFO  c.c.p.n.NotificationServiceApplication - Started NotificationServiceApplication in 28.699 seconds (process running for 32.071)
2026-05-02 13:55:01.355 [org.springframework.amqp.rabbit.RabbitListenerEndpointContainer#0-1] INFO  c.c.p.n.l.NotificationListener - [NOTIFICATION] type=ORDER_PLACED to=john@example.com subject=Order Placed - #21
2026-05-02 13:55:01.380 [org.springframework.amqp.rabbit.RabbitListenerEndpointContainer#0-1] INFO  c.c.p.n.l.NotificationListener - [NOTIFICATION] message=Your order #21 has been placed. Total: Rs.15.00
2026-05-02 14:03:19.897 [org.springframework.amqp.rabbit.RabbitListenerEndpointContainer#0-1] INFO  c.c.p.n.l.NotificationListener - [NOTIFICATION] type=ORDER_PLACED to=namrathamendes@gmail.com subject=Order Placed - #22
2026-05-02 14:03:19.901 [org.springframework.amqp.rabbit.RabbitListenerEndpointContainer#0-1] INFO  c.c.p.n.l.NotificationListener - [NOTIFICATION] message=Your order #22 has been placed. Total: Rs.100.00
2026-05-02 14:07:04.333 [http-nio-9096-exec-1] INFO  o.a.c.c.C.[Tomcat].[localhost].[/] - Initializing Spring DispatcherServlet 'dispatcherServlet'
2026-05-02 14:07:04.798 [http-nio-9096-exec-1] INFO  c.c.p.n.l.NotificationListener - [NOTIFICATION] type=ORDER_PACKED to=namrathamendes@gmail.com subject=gbhnj
2026-05-02 14:07:04.803 [http-nio-9096-exec-1] INFO  c.c.p.n.l.NotificationListener - [NOTIFICATION] message=ygt6ghujn
2026-05-02 14:07:05.732 [AsyncReporter{org.springframework.boot.actuate.autoconfigure.tracing.zipkin.ZipkinRestTemplateSender@c05546f}] WARN  z.r.AsyncReporter$BoundedAsyncReporter - Spans were dropped due to exceptions. All subsequent errors will be logged at FINE level.
2026-05-02 14:07:05.732 [AsyncReporter{org.springframework.boot.actuate.autoconfigure.tracing.zipkin.ZipkinRestTemplateSender@c05546f}] WARN  z.r.AsyncReporter$BoundedAsyncReporter - Dropped 5 spans due to ResourceAccessException(I/O error on POST request for "http://localhost:9411/api/v2/spans": Connect to http://localhost:9411 [localhost/127.0.0.1, localhost/0:0:0:0:0:0:0:1] failed: Connection refused: getsockopt)
org.springframework.web.client.ResourceAccessException: I/O error on POST request for "http://localhost:9411/api/v2/spans": Connect to http://localhost:9411 [localhost/127.0.0.1, localhost/0:0:0:0:0:0:0:1] failed: Connection refused: getsockopt
	at org.springframework.web.client.RestTemplate.createResourceAccessException(RestTemplate.java:915)
	at org.springframework.web.client.RestTemplate.doExecute(RestTemplate.java:895)
	at org.springframework.web.client.RestTemplate.execute(RestTemplate.java:790)
	at org.springframework.web.client.RestTemplate.exchange(RestTemplate.java:672)
	at org.springframework.boot.actuate.autoconfigure.tracing.zipkin.ZipkinRestTemplateSender$RestTemplateHttpPostCall.doExecute(ZipkinRestTemplateSender.java:68)
	at org.springframework.boot.actuate.autoconfigure.tracing.zipkin.ZipkinRestTemplateSender$RestTemplateHttpPostCall.doExecute(ZipkinRestTemplateSender.java:48)
	at zipkin2.Call$Base.execute(Call.java:391)
	at zipkin2.reporter.AsyncReporter$BoundedAsyncReporter.flush(AsyncReporter.java:299)
	at zipkin2.reporter.AsyncReporter$Flusher.run(AsyncReporter.java:378)
	at java.base/java.lang.Thread.run(Thread.java:1583)
Caused by: org.apache.hc.client5.http.HttpHostConnectException: Connect to http://localhost:9411 [localhost/127.0.0.1, localhost/0:0:0:0:0:0:0:1] failed: Connection refused: getsockopt
	at java.base/sun.nio.ch.Net.pollConnect(Native Method)
	at java.base/sun.nio.ch.Net.pollConnectNow(Net.java:682)
	at java.base/sun.nio.ch.NioSocketImpl.timedFinishConnect(NioSocketImpl.java:542)
	at java.base/sun.nio.ch.NioSocketImpl.connect(NioSocketImpl.java:592)
	at java.base/java.net.SocksSocketImpl.connect(SocksSocketImpl.java:327)
	at java.base/java.net.Socket.connect(Socket.java:751)
	at org.apache.hc.client5.http.socket.PlainConnectionSocketFactory.lambda$connectSocket$0(PlainConnectionSocketFactory.java:91)
	at java.base/java.security.AccessController.doPrivileged(AccessController.java:571)
	at org.apache.hc.client5.http.socket.PlainConnectionSocketFactory.connectSocket(PlainConnectionSocketFactory.java:90)
	at org.apache.hc.client5.http.socket.ConnectionSocketFactory.connectSocket(ConnectionSocketFactory.java:123)
	at org.apache.hc.client5.http.impl.io.DefaultHttpClientConnectionOperator.connect(DefaultHttpClientConnectionOperator.java:184)
	at org.apache.hc.client5.http.impl.io.PoolingHttpClientConnectionManager.connect(PoolingHttpClientConnectionManager.java:447)
	at org.apache.hc.client5.http.impl.classic.InternalExecRuntime.connectEndpoint(InternalExecRuntime.java:162)
	at org.apache.hc.client5.http.impl.classic.InternalExecRuntime.connectEndpoint(InternalExecRuntime.java:172)
	at org.apache.hc.client5.http.impl.classic.ConnectExec.execute(ConnectExec.java:142)
	at org.apache.hc.client5.http.impl.classic.ExecChainElement.execute(ExecChainElement.java:51)
	at org.apache.hc.client5.http.impl.classic.ProtocolExec.execute(ProtocolExec.java:192)
	at org.apache.hc.client5.http.impl.classic.ExecChainElement.execute(ExecChainElement.java:51)
	at org.apache.hc.client5.http.impl.classic.HttpRequestRetryExec.execute(HttpRequestRetryExec.java:96)
	at org.apache.hc.client5.http.impl.classic.ExecChainElement.execute(ExecChainElement.java:51)
	at org.apache.hc.client5.http.impl.classic.ContentCompressionExec.execute(ContentCompressionExec.java:152)
	at org.apache.hc.client5.http.impl.classic.ExecChainElement.execute(ExecChainElement.java:51)
	at org.apache.hc.client5.http.impl.classic.RedirectExec.execute(RedirectExec.java:115)
	at org.apache.hc.client5.http.impl.classic.ExecChainElement.execute(ExecChainElement.java:51)
	at org.apache.hc.client5.http.impl.classic.InternalHttpClient.doExecute(InternalHttpClient.java:170)
	at org.apache.hc.client5.http.impl.classic.CloseableHttpClient.execute(CloseableHttpClient.java:87)
	at org.apache.hc.client5.http.impl.classic.CloseableHttpClient.execute(CloseableHttpClient.java:55)
	at org.apache.hc.client5.http.classic.HttpClient.executeOpen(HttpClient.java:183)
	at org.springframework.http.client.HttpComponentsClientHttpRequest.executeInternal(HttpComponentsClientHttpRequest.java:95)
	at org.springframework.http.client.AbstractStreamingClientHttpRequest.executeInternal(AbstractStreamingClientHttpRequest.java:70)
	at org.springframework.http.client.AbstractClientHttpRequest.execute(AbstractClientHttpRequest.java:66)
	at org.springframework.web.client.RestTemplate.doExecute(RestTemplate.java:889)
	... 8 common frames omitted
2026-05-02 14:16:17.723 [org.springframework.amqp.rabbit.RabbitListenerEndpointContainer#0-1] INFO  c.c.p.n.l.NotificationListener - [NOTIFICATION] type=ORDER_PLACED to=namrathamendes@gmail.com subject=Order Placed - #23
2026-05-02 14:16:17.723 [org.springframework.amqp.rabbit.RabbitListenerEndpointContainer#0-1] INFO  c.c.p.n.l.NotificationListener - [NOTIFICATION] message=Your order #23 has been placed. Total: Rs.35.00
2026-05-02 14:21:12.049 [org.springframework.amqp.rabbit.RabbitListenerEndpointContainer#0-1] INFO  c.c.p.n.l.NotificationListener - [NOTIFICATION] type=ORDER_PLACED to=namrathamendes@gmail.com subject=Order Placed - #24
2026-05-02 14:21:12.051 [org.springframework.amqp.rabbit.RabbitListenerEndpointContainer#0-1] INFO  c.c.p.n.l.NotificationListener - [NOTIFICATION] message=Your order #24 has been placed. Total: Rs.120.00
2026-05-02 14:21:33.819 [org.springframework.amqp.rabbit.RabbitListenerEndpointContainer#0-1] INFO  c.c.p.n.l.NotificationListener - [NOTIFICATION] type=ORDER_PLACED to=namrathamendes@gmail.com subject=Order Placed - #25
2026-05-02 14:21:33.819 [org.springframework.amqp.rabbit.RabbitListenerEndpointContainer#0-1] INFO  c.c.p.n.l.NotificationListener - [NOTIFICATION] message=Your order #25 has been placed. Total: Rs.70.00
2026-05-02 14:34:13.692 [org.springframework.amqp.rabbit.RabbitListenerEndpointContainer#0-1] INFO  c.c.p.n.l.NotificationListener - [NOTIFICATION] type=ORDER_PLACED to=namrathamendes@gmail.com subject=Order Placed - #26
2026-05-02 14:34:13.692 [org.springframework.amqp.rabbit.RabbitListenerEndpointContainer#0-1] INFO  c.c.p.n.l.NotificationListener - [NOTIFICATION] message=Your order #26 has been placed. Total: Rs.45.00
2026-05-02 14:49:48.442 [org.springframework.amqp.rabbit.RabbitListenerEndpointContainer#0-1] INFO  c.c.p.n.l.NotificationListener - [NOTIFICATION] type=ORDER_PLACED to=namrathamendes@gmail.com subject=Order Placed - #27
2026-05-02 14:49:48.450 [org.springframework.amqp.rabbit.RabbitListenerEndpointContainer#0-1] INFO  c.c.p.n.l.NotificationListener - [NOTIFICATION] message=Your order #27 has been placed. Total: Rs.95.00
2026-05-02 14:58:16.761 [org.springframework.amqp.rabbit.RabbitListenerEndpointContainer#0-1] INFO  c.c.p.n.l.NotificationListener - [NOTIFICATION] type=ORDER_PLACED to=namrathamendes@gmail.com subject=Order Placed - #28
2026-05-02 14:58:16.765 [org.springframework.amqp.rabbit.RabbitListenerEndpointContainer#0-1] INFO  c.c.p.n.l.NotificationListener - [NOTIFICATION] message=Your order #28 has been placed. Total: Rs.15.00
2026-05-02 15:12:05.973 [org.springframework.amqp.rabbit.RabbitListenerEndpointContainer#0-1] INFO  c.c.p.n.l.NotificationListener - [NOTIFICATION] type=ORDER_PLACED to=namrathamendes@gmail.com subject=Order Placed - #29
2026-05-02 15:12:05.976 [org.springframework.amqp.rabbit.RabbitListenerEndpointContainer#0-1] INFO  c.c.p.n.l.NotificationListener - [NOTIFICATION] message=Your order #29 has been placed. Total: Rs.45.00
2026-05-02 15:58:18.249 [org.springframework.amqp.rabbit.RabbitListenerEndpointContainer#0-1] INFO  c.c.p.n.l.NotificationListener - [NOTIFICATION] type=ORDER_PLACED to=namrathamendes@gmail.com subject=Order Placed - #30
2026-05-02 15:58:18.255 [org.springframework.amqp.rabbit.RabbitListenerEndpointContainer#0-1] INFO  c.c.p.n.l.NotificationListener - [NOTIFICATION] message=Your order #30 has been placed. Total: Rs.35.00
2026-05-02 15:58:41.122 [org.springframework.amqp.rabbit.RabbitListenerEndpointContainer#0-1] INFO  c.c.p.n.l.NotificationListener - [NOTIFICATION] type=ORDER_PLACED to=namrathamendes@gmail.com subject=Order Placed - #31
2026-05-02 15:58:41.130 [org.springframework.amqp.rabbit.RabbitListenerEndpointContainer#0-1] INFO  c.c.p.n.l.NotificationListener - [NOTIFICATION] message=Your order #31 has been placed. Total: Rs.200.00
2026-05-02 16:07:42.229 [org.springframework.amqp.rabbit.RabbitListenerEndpointContainer#0-1] INFO  c.c.p.n.l.NotificationListener - [NOTIFICATION] type=ORDER_PLACED to=namrathamendes@gmail.com subject=Order Placed - #32
2026-05-02 16:07:42.238 [org.springframework.amqp.rabbit.RabbitListenerEndpointContainer#0-1] INFO  c.c.p.n.l.NotificationListener - [NOTIFICATION] message=Your order #32 has been placed. Total: Rs.85.00
2026-05-02 16:08:18.536 [org.springframework.amqp.rabbit.RabbitListenerEndpointContainer#0-1] INFO  c.c.p.n.l.NotificationListener - [NOTIFICATION] type=ORDER_PLACED to=namrathamendes@gmail.com subject=Order Placed - #33
2026-05-02 16:08:18.539 [org.springframework.amqp.rabbit.RabbitListenerEndpointContainer#0-1] INFO  c.c.p.n.l.NotificationListener - [NOTIFICATION] message=Your order #33 has been placed. Total: Rs.50.00
2026-05-02 16:10:26.796 [org.springframework.amqp.rabbit.RabbitListenerEndpointContainer#0-1] INFO  c.c.p.n.l.NotificationListener - [NOTIFICATION] type=ORDER_PLACED to=namrathamendes@gmail.com subject=Order Placed - #34
2026-05-02 16:10:26.798 [org.springframework.amqp.rabbit.RabbitListenerEndpointContainer#0-1] INFO  c.c.p.n.l.NotificationListener - [NOTIFICATION] message=Your order #34 has been placed. Total: Rs.95.00
2026-05-02 16:14:03.522 [org.springframework.amqp.rabbit.RabbitListenerEndpointContainer#0-1] INFO  c.c.p.n.l.NotificationListener - [NOTIFICATION] type=ORDER_PLACED to=namrathamendes@gmail.com subject=Order Placed - #35
2026-05-02 16:14:03.522 [org.springframework.amqp.rabbit.RabbitListenerEndpointContainer#0-1] INFO  c.c.p.n.l.NotificationListener - [NOTIFICATION] message=Your order #35 has been placed. Total: Rs.95.00
2026-05-02 16:51:12.727 [org.springframework.amqp.rabbit.RabbitListenerEndpointContainer#0-1] INFO  c.c.p.n.l.NotificationListener - [NOTIFICATION] type=ORDER_PLACED to=namrathamendes@gmail.com subject=Order Placed - #36
2026-05-02 16:51:12.749 [org.springframework.amqp.rabbit.RabbitListenerEndpointContainer#0-1] INFO  c.c.p.n.l.NotificationListener - [NOTIFICATION] message=Your order #36 has been placed. Total: Rs.50.00
2026-05-02 16:59:57.948 [org.springframework.amqp.rabbit.RabbitListenerEndpointContainer#0-1] INFO  c.c.p.n.l.NotificationListener - [NOTIFICATION] type=ORDER_PLACED to=yoskerAdmin@gmail.com subject=Order Placed - #37
2026-05-02 16:59:57.949 [org.springframework.amqp.rabbit.RabbitListenerEndpointContainer#0-1] INFO  c.c.p.n.l.NotificationListener - [NOTIFICATION] message=Your order #37 has been placed. Total: Rs.50.00
